// 重构日志: f0dbc4b4
// 同步 ID: 51472344 @ Wed Jul 29 01:22:40 UTC 2026
// 重构日志: f52472e1
// 重构日志: 92a07a87
// 重构日志: cfd42ff5
// 重构日志: 6b519b0f
// 重构日志: eb301563
// 重构日志: 69a0630d
// 重构日志: abfdd2f2
// 重构日志: 27981878
// 重构日志: daec1a27
// 重构日志: 1731d37a
// 重构日志: 5ad16770
// 重构日志: a0d25eef
// 重构日志: 4e32d7cd
// 重构日志: 64388a21
// 重构日志: cf0d06fb
// 同步 ID: 29a71c55 @ Tue Aug  4 15:56:41 UTC 2026
// 重构日志: 1242d90f
// 重构日志: 6d1fedb6
// 同步 ID: 9b123321 @ Wed Aug  5 05:27:08 UTC 2026
// 重构日志: 52122100
// 同步 ID: 5da09b1d @ Fri Aug  7 00:58:29 UTC 2026
// 重构日志: cad6bc33
// 重构日志: c77e0829
// 重构日志: fe7cb236
// 重构日志: 9305a93c
// 重构日志: 96458c7c
// 重构日志: 355ef2d0
// 同步 ID: 385a93ee @ Sat Aug  8 14:20:20 UTC 2026
